[    0.000000] Booting Linux on physical CPU 0xf00
[    0.000000] Initializing cgroup subsys cpuset
[    0.000000] Initializing cgroup subsys cpu
[    0.000000] Initializing cgroup subsys cpuacct
[    0.000000] Linux version 4.4.194-rk322x (root@runner7) (gcc version 8.3.0 (GNU Toolchain for the A-profile Architecture 8.3-2019.03 (arm-rel-8.36)) ) #2 SMP Wed Aug 25 20:09:42 UTC 2021
[    0.000000] CPU: ARMv7 Processor [410fc075] revision 5 (ARMv7), cr=10c5387d
[    0.000000] CPU: PIPT / VIPT nonaliasing data cache, VIPT aliasing instruction cache
[    0.000000] Machine model: Generic RK322x TV Box board
[    0.000000] cma: Reserved 16 MiB at 0x9f000000
[    0.000000] Memory policy: Data cache writealloc
[    0.000000] On node 0 totalpages: 253952
[    0.000000] free_area_init_node: node 0, pgdat b1253b40, node_mem_map ee6f1000
[    0.000000]   Normal zone: 2304 pages used for memmap
[    0.000000]   Normal zone: 0 pages reserved
[    0.000000]   Normal zone: 253952 pages, LIFO batch:31
[    0.000000] psci: probing for conduit method from DT.
[    0.000000] psci: PSCIv65535.65535 detected in firmware.
[    0.000000] psci: Using standard PSCI v0.2 function IDs
[    0.000000] psci: MIGRATE_INFO_TYPE not supported.
[    0.000000] PERCPU: Embedded 14 pages/cpu @ee68f000 s24856 r8192 d24296 u57344
[    0.000000] pcpu-alloc: s24856 r8192 d24296 u57344 alloc=14*4096
[    0.000000] pcpu-alloc: [0] 0 [0] 1 [0] 2 [0] 3
[    0.000000] Built 1 zonelists in Zone order, mobility grouping on.  Total pages: 251648
[    0.000000] Kernel command line: earlyprintk root=UUID=213d2a8b-27c6-447e-8f51-38cdda32f4d3 console=ttyS2,115200n8 console=tty1 rootwait rootfstype=ext4  consoleblank=0 loglevel=1 ubootpart=70529070-01 usb-storage.quirks=0x2537:0x1066:u,0x2537:0x1068:u coherent_pool=2M  cgroup_enable=cpuset cgroup_memory=1 cgroup_enable=memory swapaccount=1
[    0.000000] PID hash table entries: 4096 (order: 2, 16384 bytes)
[    0.000000] Dentry cache hash table entries: 131072 (order: 7, 524288 bytes)
[    0.000000] Inode-cache hash table entries: 65536 (order: 6, 262144 bytes)
[    0.000000] Memory: 963888K/1015808K available (12862K kernel code, 919K rwdata, 3240K rodata, 808K init, 1219K bss, 35536K reserved, 16384K cma-reserved, 0K highmem)
[    0.000000] Virtual kernel memory layout:
                   vector  : 0xffff0000 - 0xffff1000   (   4 kB)
                   fixmap  : 0xffc00000 - 0xfff00000   (3072 kB)
                   vmalloc : 0xf0800000 - 0xff800000   ( 240 MB)
                   lowmem  : 0xb0000000 - 0xf0000000   (1024 MB)
                   pkmap   : 0xafe00000 - 0xb0000000   (   2 MB)
                   modules : 0xaf000000 - 0xafe00000   (  14 MB)
                     .text : 0xb0008000 - 0xb0c97c6c   (12864 kB)
                     .init : 0xb10b0000 - 0xb117a000   ( 808 kB)
                     .data : 0xb117a000 - 0xb125fe94   ( 920 kB)
                      .bss : 0xb1261000 - 0xb1391f14   (1220 kB)
[    0.000000] SLUB: HWalign=64, Order=0-3, MinObjects=0, CPUs=4, Nodes=1
[    0.000000] Hierarchical RCU implementation.
[    0.000000]  Build-time adjustment of leaf fanout to 32.
[    0.000000] NR_IRQS:16 nr_irqs:16 16
[    0.000000] Architected cp15 timer(s) running at 24.00MHz (phys).
[    0.000000] clocksource: arch_sys_counter: mask: 0xffffffffffffff max_cycles: 0x588fe9dc0, max_idle_ns: 440795202592 ns
[    0.000008] sched_clock: 56 bits at 24MHz, resolution 41ns, wraps every 4398046511097ns
[    0.000024] Switching to timer-based delay loop, resolution 41ns
[    0.001864] Console: colour dummy device 80x30
[    0.002051] console [tty1] enabled
[    0.002080] Calibrating delay loop (skipped), value calculated using timer frequency.. 48.00 BogoMIPS (lpj=96000)
[    0.002099] pid_max: default: 32768 minimum: 301
[    0.002246] Security Framework initialized
[    0.002261] Yama: becoming mindful.
[    0.002347] Mount-cache hash table entries: 2048 (order: 1, 8192 bytes)
[    0.002364] Mountpoint-cache hash table entries: 2048 (order: 1, 8192 bytes)
[    0.003387] Initializing cgroup subsys io
[    0.003428] Initializing cgroup subsys memory
[    0.003475] Initializing cgroup subsys devices
[    0.003496] Initializing cgroup subsys freezer
[    0.003514] Initializing cgroup subsys net_cls
[    0.003532] Initializing cgroup subsys perf_event
[    0.003549] Initializing cgroup subsys net_prio
[    0.003585] Initializing cgroup subsys pids
[    0.003755] CPU: Testing write buffer coherency: ok
[    0.003817] ftrace: allocating 41892 entries in 123 pages
[    0.086860] /cpus/cpu@f00 missing clock-frequency property
[    0.086903] /cpus/cpu@f01 missing clock-frequency property
[    0.086922] /cpus/cpu@f02 missing clock-frequency property
[    0.086942] /cpus/cpu@f03 missing clock-frequency property
[    0.086956] CPU0: update cpu_capacity 430
[    0.086968] CPU0: thread -1, cpu 0, socket 15, mpidr 80000f00
[    0.087076] Setting up static identity map for 0x60008280 - 0x600082d8
[    0.090427] CPU1: update cpu_capacity 430
[    0.090438] CPU1: thread -1, cpu 1, socket 15, mpidr 80000f01
[    0.091674] CPU2: update cpu_capacity 430
[    0.091683] CPU2: thread -1, cpu 2, socket 15, mpidr 80000f02
[    0.092935] CPU3: update cpu_capacity 430
[    0.092944] CPU3: thread -1, cpu 3, socket 15, mpidr 80000f03
[    0.093106] Brought up 4 CPUs
[    0.093149] SMP: Total of 4 processors activated (192.00 BogoMIPS).
[    0.093158] CPU: All CPU(s) started in SVC mode.
[    0.094921] devtmpfs: initialized
[    0.115359] VFP support v0.3: implementor 41 architecture 2 part 30 variant 7 rev 5
[    0.115975] clocksource: jiffies: mask: 0xffffffff max_cycles: 0xffffffff, max_idle_ns: 7645041785100000 ns
[    0.116023] futex hash table entries: 1024 (order: 4, 65536 bytes)
[    0.117606] xor: measuring software checksum speed
[    0.154802]    arm4regs  :  1011.000 MB/sec
[    0.194906]    8regs     :   705.000 MB/sec
[    0.235006]    32regs    :   684.000 MB/sec
[    0.275109]    neon      :  1018.000 MB/sec
[    0.275119] xor: using function: neon (1018.000 MB/sec)
[    0.275168] pinctrl core: initialized pinctrl subsystem
[    0.276963] NET: Registered protocol family 16
[    0.279649] DMA: preallocated 2048 KiB pool for atomic coherent allocations
[    0.291302] cpuidle: using governor ladder
[    0.303313] cpuidle: using governor menu
[    0.320687] gpiochip_add_data: registered GPIOs 0 to 31 on device: gpio0
[    0.320858] gpiochip_add_data: registered GPIOs 32 to 63 on device: gpio1
[    0.321030] gpiochip_add_data: registered GPIOs 64 to 95 on device: gpio2
[    0.321187] gpiochip_add_data: registered GPIOs 96 to 127 on device: gpio3
[    0.327761] console [pstore-1] enabled
[    0.327774] pstore: Registered ramoops as persistent store backend
[    0.327786] ramoops: attached 0xf0000@0x62e00000, ecc: 0/0
[    0.331167] hw-breakpoint: found 5 (+1 reserved) breakpoint and 4 watchpoint registers.
[    0.331189] hw-breakpoint: maximum watchpoint size is 8 bytes.
[    0.428425] raid6: int32x1  gen()   133 MB/s
[    0.496409] raid6: int32x1  xor()   131 MB/s
[    0.564660] raid6: int32x2  gen()   166 MB/s
[    0.632932] raid6: int32x2  xor()   137 MB/s
[    0.701080] raid6: int32x4  gen()   163 MB/s
[    0.769336] raid6: int32x4  xor()   137 MB/s
[    0.837487] raid6: int32x8  gen()   166 MB/s
[    0.905748] raid6: int32x8  xor()   113 MB/s
[    0.973869] raid6: neonx1   gen()   382 MB/s
[    1.041995] raid6: neonx1   xor()   290 MB/s
[    1.110202] raid6: neonx2   gen()   519 MB/s
[    1.178362] raid6: neonx2   xor()   376 MB/s
[    1.246601] raid6: neonx4   gen()   581 MB/s
[    1.314776] raid6: neonx4   xor()   400 MB/s
[    1.383035] raid6: neonx8   gen()   559 MB/s
[    1.451239] raid6: neonx8   xor()   391 MB/s
[    1.451251] raid6: using algorithm neonx4 gen() 581 MB/s
[    1.451261] raid6: .... xor() 400 MB/s, rmw enabled
[    1.451272] raid6: using intx1 recovery algorithm
[    1.452429] rockchip-pm rockchip-suspend: not set wakeup-config
[    1.452455] rockchip-pm rockchip-suspend: not set pwm-regulator-config
[    1.452855] of_get_named_gpiod_flags: can't parse 'gpio' property of node '/regulators/regulator@0[0]'
[    1.453432] of_get_named_gpiod_flags: can't parse 'gpio' property of node '/regulators/regulator@1[0]'
[    1.454139] of_get_named_gpiod_flags: parsed 'gpio' property of node '/vcc-host-regulator[0]' - status (0)
[    1.454849] of_get_named_gpiod_flags: parsed 'gpio' property of node '/otg-vbus-regulator[0]' - status (0)
[    1.455477] of_get_named_gpiod_flags: can't parse 'gpio' property of node '/vcc-phy-regulator[0]'
[    1.456433] iommu: Adding device 20020000.vpu-service to group 0
[    1.456551] iommu: Adding device 20030000.rkvdec to group 1
[    1.456656] iommu: Adding device 20050000.vop to group 2
[    1.456753] iommu: Adding device 20070000.iep to group 3
[    1.457373] rk_iommu 20020800.iommu: can't get sclk
[    1.458091] rk_iommu 20030480.iommu: can't get sclk
[    1.458366] rk_iommu 20053f00.iommu: can't get sclk
[    1.458535] rk_iommu 20070800.iommu: can't get aclk
[    1.458556] rk_iommu 20070800.iommu: can't get hclk
[    1.458573] rk_iommu 20070800.iommu: can't get sclk
[    1.459530] SCSI subsystem initialized
[    1.459978] usbcore: registered new interface driver usbfs
[    1.460084] usbcore: registered new interface driver hub
[    1.460225] usbcore: registered new device driver usb
[    1.460483] media: Linux media interface: v0.10
[    1.460570] Linux video capture interface: v2.00
[    1.460841] pps_core: LinuxPPS API ver. 1 registered
[    1.460857] pps_core: Software ver. 5.3.6 - Copyright 2005-2007 Rodolfo Giometti <giometti@linux.it>
[    1.460900] PTP clock support registered
[    1.463106] Advanced Linux Sound Architecture Driver Initialized.
[    1.464291] Bluetooth: Core ver 2.21
[    1.464374] NET: Registered protocol family 31
[    1.464389] Bluetooth: HCI device and connection manager initialized
[    1.464413] Bluetooth: HCI socket layer initialized
[    1.464432] Bluetooth: L2CAP socket layer initialized
[    1.464494] Bluetooth: SCO socket layer initialized
[    1.465377] NetLabel: Initializing
[    1.465401] NetLabel:  domain hash size = 128
[    1.465411] NetLabel:  protocols = UNLABELED CIPSOv4
[    1.465494] NetLabel:  unlabeled traffic allowed by default
[    1.467028] clocksource: Switched to clocksource arch_sys_counter
[    1.569468] NET: Registered protocol family 2
[    1.570468] TCP established hash table entries: 8192 (order: 3, 32768 bytes)
[    1.570591] TCP bind hash table entries: 8192 (order: 5, 163840 bytes)
[    1.570948] TCP: Hash tables configured (established 8192 bind 8192)
[    1.571175] UDP hash table entries: 512 (order: 2, 24576 bytes)
[    1.571250] UDP-Lite hash table entries: 512 (order: 2, 24576 bytes)
[    1.571665] NET: Registered protocol family 1
[    1.572512] RPC: Registered named UNIX socket transport module.
[    1.572538] RPC: Registered udp transport module.
[    1.572549] RPC: Registered tcp transport module.
[    1.572561] RPC: Registered tcp NFSv4.1 backchannel transport module.
[    1.572948] Trying to unpack rootfs image as initramfs...
[    1.894396] Freeing initrd memory: 4340K
[    1.895666] hw perfevents: enabled with armv7_cortex_a7 PMU driver, 5 counters available
[    1.898803] Initialise system trusted keyring
[    1.913454] VFS: Disk quotas dquot_6.6.0
[    1.913797] VFS: Dquot-cache hash table entries: 1024 (order 0, 4096 bytes)
[    1.916743] squashfs: version 4.0 (2009/01/31) Phillip Lougher
[    1.920406] NFS: Registering the id_resolver key type
[    1.920494] Key type id_resolver registered
[    1.920506] Key type id_legacy registered
[    1.920543] nfs4filelayout_init: NFSv4 File Layout Driver Registering...
[    1.920665] ntfs: driver 2.1.32 [Flags: R/W].
[    1.921662] JFS: nTxBlock = 7692, nTxLock = 61538
[    1.933861] SGI XFS with security attributes, no debug enabled
[    1.943901] NET: Registered protocol family 38
[    1.943964] Key type asymmetric registered
[    1.943985] Asymmetric key parser 'x509' registered
[    1.944434] Block layer SCSI generic (bsg) driver version 0.4 loaded (major 246)
[    1.944962] io scheduler noop registered
[    1.944996] io scheduler deadline registered
[    1.945094] io scheduler cfq registered (default)
[    1.948834] phy phy-11000000.syscon:usb2-phy@800.2: Failed to get VBUS supply regulator
[    1.954567] rk-vcodec 20020000.vpu-service: no regulator for vcodec
[    1.955156] rk-vcodec 20020000.vpu-service: probe device
[    1.955643] rk-vcodec 20020000.vpu-service: drm allocator with mmu enabled
[    1.957101] rk-vcodec 20020000.vpu-service: could not find power_model node
[    1.957132] rk-vcodec 20020000.vpu-service: init success
[    1.957525] rk-vcodec 20030000.rkvdec: vcodec regulator not ready, retry
[    1.962105] dma-pl330 110f0000.pdma: Loaded driver for PL330 DMAC-241330
[    1.962138] dma-pl330 110f0000.pdma:         DBUFF-128x8bytes Num_Chans-8 Num_Peri-20 Num_Events-16
[    1.963477] rockchip-system-monitor rockchip-system-monitor: system monitor probe
[    1.964015] pwm-regulator vdd-arm-regulator: GPIO lookup for consumer enable
[    1.964038] pwm-regulator vdd-arm-regulator: using device tree for GPIO lookup
[    1.964057] of_get_named_gpiod_flags: can't parse 'enable-gpios' property of node '/vdd-arm-regulator[0]'
[    1.964072] of_get_named_gpiod_flags: can't parse 'enable-gpio' property of node '/vdd-arm-regulator[0]'
[    1.964086] pwm-regulator vdd-arm-regulator: using lookup tables for GPIO lookup
[    1.964102] pwm-regulator vdd-arm-regulator: lookup for GPIO enable failed
[    1.964859] pwm-regulator vdd-log-regulator: GPIO lookup for consumer enable
[    1.964884] pwm-regulator vdd-log-regulator: using device tree for GPIO lookup
[    1.964900] of_get_named_gpiod_flags: can't parse 'enable-gpios' property of node '/vdd-log-regulator[0]'
[    1.964915] of_get_named_gpiod_flags: can't parse 'enable-gpio' property of node '/vdd-log-regulator[0]'
[    1.964928] pwm-regulator vdd-log-regulator: using lookup tables for GPIO lookup
[    1.964943] pwm-regulator vdd-log-regulator: lookup for GPIO enable failed
[    1.966101] Serial: 8250/16550 driver, 4 ports, IRQ sharing disabled
[    1.967113] 11030000.serial: ttyS2 at MMIO 0x11030000 (irq = 30, base_baud = 1500000) is a 16550A
[    1.967965] console [ttyS2] enabled
[    1.969984] [drm] Initialized drm 1.1.0 20060810
[    1.972675] [drm] Rockchip DRM driver version: v1.0.1
[    1.972975] rockchip-drm display-subsystem: devfreq is not set
[    1.973815] rockchip-drm display-subsystem: bound 20050000.vop (ops 0xb0d1b2b0)
[    1.974269] i2c i2c-0: of_i2c: modalias failure on /hdmi@200a0000/ports
[    1.974301] dwhdmi-rockchip 200a0000.hdmi: registered DesignWare HDMI I2C bus driver
[    1.974425] dwhdmi-rockchip 200a0000.hdmi: Detected HDMI TX controller v2.01a with HDCP (inno_dw_hdmi_phy)
[    1.975992] rockchip-drm display-subsystem: bound 200a0000.hdmi (ops 0xb0d13808)
[    1.976023] [drm] Supports vblank timestamp caching Rev 2 (21.10.2013).
[    1.976034] [drm] No driver support for vblank timestamp query.
[    1.976181] rockchip-drm display-subsystem: failed to parse display resources
[    1.976258] rockchip-drm display-subsystem: No connectors reported connected with modes
[    1.976368] [drm] Cannot find any crtc or sizes - going 1024x768
[    1.999567] Console: switching to colour frame buffer device 128x48
[    2.014984] rockchip-drm display-subsystem: fb0:  frame buffer device
[    2.032062] Registered IR keymap rc-cec
[    2.032335] rc rc0: RC for dw_hdmi as /devices/platform/200a0000.hdmi/rc/rc0
[    2.033017] input: RC for dw_hdmi as /devices/platform/200a0000.hdmi/rc/rc0/input0
[    2.035524] brd: module loaded
[    2.048052] loop: module loaded
[    2.048139] lkdtm: No crash points registered, enable through debugfs
[    2.050867] libphy: Fixed MDIO Bus: probed
[    2.050904] tun: Universal TUN/TAP device driver, 1.6
[    2.050916] tun: (C) 1999-2004 Max Krasnyansky <maxk@qualcomm.com>
[    2.051407] CAN device driver interface
[    2.052981] rk_gmac-dwmac 30200000.ethernet: clock input or output? (output).
[    2.053012] rk_gmac-dwmac 30200000.ethernet: TX delay(0x30).
[    2.053028] rk_gmac-dwmac 30200000.ethernet: RX delay(0x10).
[    2.053074] rk_gmac-dwmac 30200000.ethernet: integrated PHY? (yes).
[    2.053253] rk_gmac-dwmac 30200000.ethernet: cannot get clock clk_mac_speed
[    2.058342] rk_gmac-dwmac 30200000.ethernet: init for RMII
[    2.091159] stmmac - user ID: 0x10, Synopsys ID: 0x35
[    2.091177]  Ring mode enabled
[    2.091189]  DMA HW capability register supported
[    2.091199]  Normal descriptors
[    2.091212]  RX Checksum Offload Engine supported (type 2)
[    2.091221]  TX Checksum insertion supported
[    2.091230]  Wake-Up On Lan supported
[    2.091334] rk_gmac-dwmac 30200000.ethernet: rk_get_eth_addr: mac address: b2:e5:89:9b:58:6d
[    2.091349] eth%d: device MAC address b2:e5:89:9b:58:6d
[    2.091359]  Enable RX Mitigation via HW Watchdog Timer
[    2.091576] of_get_named_gpiod_flags: parsed 'snps,reset-gpio' property of node '/ethernet@30200000[0]' - status (0)
[    2.544692] libphy: stmmac: probed
[    2.544730] eth%d: PHY ID 1234d400 at 0 IRQ POLL (stmmac-0:00) active
[    2.544747] eth%d: PHY ID 00000000 at 1 IRQ POLL (stmmac-0:01)
[    2.544761] eth%d: PHY ID 00000000 at 2 IRQ POLL (stmmac-0:02)
[    2.544775] eth%d: PHY ID 00000000 at 3 IRQ POLL (stmmac-0:03)
[    2.544788] eth%d: PHY ID 00000000 at 4 IRQ POLL (stmmac-0:04)
[    2.544801] eth%d: PHY ID 00000000 at 5 IRQ POLL (stmmac-0:05)
[    2.544814] eth%d: PHY ID 00000000 at 6 IRQ POLL (stmmac-0:06)
[    2.544828] eth%d: PHY ID 00000000 at 7 IRQ POLL (stmmac-0:07)
[    2.544840] eth%d: PHY ID 00000000 at 8 IRQ POLL (stmmac-0:08)
[    2.544853] eth%d: PHY ID 00000000 at 9 IRQ POLL (stmmac-0:09)
[    2.544866] eth%d: PHY ID 00000000 at 10 IRQ POLL (stmmac-0:0a)
[    2.544879] eth%d: PHY ID 00000000 at 11 IRQ POLL (stmmac-0:0b)
[    2.544892] eth%d: PHY ID 00000000 at 12 IRQ POLL (stmmac-0:0c)
[    2.544905] eth%d: PHY ID 00000000 at 13 IRQ POLL (stmmac-0:0d)
[    2.544917] eth%d: PHY ID 00000000 at 14 IRQ POLL (stmmac-0:0e)
[    2.544930] eth%d: PHY ID 00000000 at 15 IRQ POLL (stmmac-0:0f)
[    2.544943] eth%d: PHY ID 00000000 at 16 IRQ POLL (stmmac-0:10)
[    2.544956] eth%d: PHY ID 00000000 at 17 IRQ POLL (stmmac-0:11)
[    2.544969] eth%d: PHY ID 00000000 at 18 IRQ POLL (stmmac-0:12)
[    2.544982] eth%d: PHY ID 00000000 at 19 IRQ POLL (stmmac-0:13)
[    2.544994] eth%d: PHY ID 00000000 at 20 IRQ POLL (stmmac-0:14)
[    2.545007] eth%d: PHY ID 00000000 at 21 IRQ POLL (stmmac-0:15)
[    2.545020] eth%d: PHY ID 00000000 at 22 IRQ POLL (stmmac-0:16)
[    2.545033] eth%d: PHY ID 00000000 at 23 IRQ POLL (stmmac-0:17)
[    2.545046] eth%d: PHY ID 00000000 at 24 IRQ POLL (stmmac-0:18)
[    2.545058] eth%d: PHY ID 00000000 at 25 IRQ POLL (stmmac-0:19)
[    2.545071] eth%d: PHY ID 00000000 at 26 IRQ POLL (stmmac-0:1a)
[    2.545084] eth%d: PHY ID 00000000 at 27 IRQ POLL (stmmac-0:1b)
[    2.545096] eth%d: PHY ID 00000000 at 28 IRQ POLL (stmmac-0:1c)
[    2.545109] eth%d: PHY ID 00000000 at 29 IRQ POLL (stmmac-0:1d)
[    2.545121] eth%d: PHY ID 00000000 at 30 IRQ POLL (stmmac-0:1e)
[    2.545133] eth%d: PHY ID 00000000 at 31 IRQ POLL (stmmac-0:1f)
[    2.546726] PPP generic driver version 2.4.2
[    2.547302] Atmel at76x USB Wireless LAN Driver 0.17 loading
[    2.547473] usbcore: registered new interface driver at76c50x-usb
[    2.547619] usbcore: registered new interface driver rtl8187
[    2.547741] usbcore: registered new interface driver rndis_wlan
[    2.547844] usbcore: registered new interface driver zd1201
[    2.548338] usbcore: registered new interface driver rt2800usb
[    2.548476] Rockchip WiFi SYS interface (V1.00) ...
[    2.548555] pegasus: v0.9.3 (2013/04/25), Pegasus/Pegasus II USB Ethernet driver
[    2.548652] usbcore: registered new interface driver pegasus
[    2.548741] usbcore: registered new interface driver rtl8150
[    2.548829] usbcore: registered new interface driver r8152
[    2.548931] usbcore: registered new interface driver asix
[    2.549016] usbcore: registered new interface driver ax88179_178a
[    2.549098] usbcore: registered new interface driver cdc_ether
[    2.549196] usbcore: registered new interface driver dm9601
[    2.549303] usbcore: registered new interface driver smsc75xx
[    2.549421] usbcore: registered new interface driver smsc95xx
[    2.549507] usbcore: registered new interface driver net1080
[    2.549591] usbcore: registered new interface driver rndis_host
[    2.549677] usbcore: registered new interface driver MOSCHIP usb-ethernet driver
[    2.549829] usbcore: registered new interface driver cdc_ncm
[    2.549928] usbcore: registered new interface driver cdc_mbim
[    2.550526] 30040000.usb supply vusb_d not found, using dummy regulator
[    2.550644] 30040000.usb supply vusb_a not found, using dummy regulator
[    2.564046] dwc2 30040000.usb: DWC OTG Controller
[    2.564106] dwc2 30040000.usb: new USB bus registered, assigned bus number 1
[    2.564175] dwc2 30040000.usb: irq 49, io mem 0x30040000
[    2.564579] usb usb1: New USB device found, idVendor=1d6b, idProduct=0002
[    2.564601] usb usb1: New USB device strings: Mfr=3, Product=2, SerialNumber=1
[    2.564616] usb usb1: Product: DWC OTG Controller
[    2.564630] usb usb1: Manufacturer: Linux 4.4.194-rk322x dwc2_hsotg
[    2.564644] usb usb1: SerialNumber: 30040000.usb
[    2.565784] hub 1-0:1.0: USB hub found
[    2.565867] hub 1-0:1.0: 1 port detected
[    2.567644] ehci_hcd: USB 2.0 'Enhanced' Host Controller (EHCI) Driver
[    2.567679] ehci-platform: EHCI generic platform driver
[    2.570341] ehci-platform 30080000.usb: EHCI Host Controller
[    2.570776] ehci-platform 30080000.usb: new USB bus registered, assigned bus number 2
[    2.571230] ehci-platform 30080000.usb: irq 50, io mem 0x30080000
[    2.583134] ehci-platform 30080000.usb: USB 2.0 started, EHCI 1.00
[    2.583462] usb usb2: New USB device found, idVendor=1d6b, idProduct=0002
[    2.583483] usb usb2: New USB device strings: Mfr=3, Product=2, SerialNumber=1
[    2.583498] usb usb2: Product: EHCI Host Controller
[    2.583512] usb usb2: Manufacturer: Linux 4.4.194-rk322x ehci_hcd
[    2.583526] usb usb2: SerialNumber: 30080000.usb
[    2.584623] hub 2-0:1.0: USB hub found
[    2.584709] hub 2-0:1.0: 1 port detected
[    2.587751] ehci-platform 300c0000.usb: EHCI Host Controller
[    2.588256] ehci-platform 300c0000.usb: new USB bus registered, assigned bus number 3
[    2.588597] ehci-platform 300c0000.usb: irq 52, io mem 0x300c0000
[    2.599065] ehci-platform 300c0000.usb: USB 2.0 started, EHCI 1.00
[    2.599433] usb usb3: New USB device found, idVendor=1d6b, idProduct=0002
[    2.599454] usb usb3: New USB device strings: Mfr=3, Product=2, SerialNumber=1
[    2.599470] usb usb3: Product: EHCI Host Controller
[    2.599484] usb usb3: Manufacturer: Linux 4.4.194-rk322x ehci_hcd
[    2.599498] usb usb3: SerialNumber: 300c0000.usb
[    2.600585] hub 3-0:1.0: USB hub found
[    2.600666] hub 3-0:1.0: 1 port detected
[    2.603672] ehci-platform 30100000.usb: EHCI Host Controller
[    2.604152] ehci-platform 30100000.usb: new USB bus registered, assigned bus number 4
[    2.604509] ehci-platform 30100000.usb: irq 54, io mem 0x30100000
[    2.615063] ehci-platform 30100000.usb: USB 2.0 started, EHCI 1.00
[    2.615384] usb usb4: New USB device found, idVendor=1d6b, idProduct=0002
[    2.615404] usb usb4: New USB device strings: Mfr=3, Product=2, SerialNumber=1
[    2.615419] usb usb4: Product: EHCI Host Controller
[    2.615433] usb usb4: Manufacturer: Linux 4.4.194-rk322x ehci_hcd
[    2.615447] usb usb4: SerialNumber: 30100000.usb
[    2.616542] hub 4-0:1.0: USB hub found
[    2.616640] hub 4-0:1.0: 1 port detected
[    2.617528] ohci_hcd: USB 1.1 'Open' Host Controller (OHCI) Driver
[    2.617583] ohci-platform: OHCI generic platform driver
[    2.618060] ohci-platform 300a0000.usb: Generic Platform OHCI controller
[    2.618529] ohci-platform 300a0000.usb: new USB bus registered, assigned bus number 5
[    2.618845] ohci-platform 300a0000.usb: irq 51, io mem 0x300a0000
[    2.675369] usb usb5: New USB device found, idVendor=1d6b, idProduct=0001
[    2.675394] usb usb5: New USB device strings: Mfr=3, Product=2, SerialNumber=1
[    2.675409] usb usb5: Product: Generic Platform OHCI controller
[    2.675424] usb usb5: Manufacturer: Linux 4.4.194-rk322x ohci_hcd
[    2.675438] usb usb5: SerialNumber: 300a0000.usb
[    2.676559] hub 5-0:1.0: USB hub found
[    2.676643] hub 5-0:1.0: 1 port detected
[    2.677612] ohci-platform 300e0000.usb: Generic Platform OHCI controller
[    2.678043] ohci-platform 300e0000.usb: new USB bus registered, assigned bus number 6
[    2.678386] ohci-platform 300e0000.usb: irq 53, io mem 0x300e0000
[    2.735331] usb usb6: New USB device found, idVendor=1d6b, idProduct=0001
[    2.735358] usb usb6: New USB device strings: Mfr=3, Product=2, SerialNumber=1
[    2.735374] usb usb6: Product: Generic Platform OHCI controller
[    2.735389] usb usb6: Manufacturer: Linux 4.4.194-rk322x ohci_hcd
[    2.735403] usb usb6: SerialNumber: 300e0000.usb
[    2.736495] hub 6-0:1.0: USB hub found
[    2.736581] hub 6-0:1.0: 1 port detected
[    2.737475] ohci-platform 30120000.usb: Generic Platform OHCI controller
[    2.737902] ohci-platform 30120000.usb: new USB bus registered, assigned bus number 7
[    2.738202] ohci-platform 30120000.usb: irq 55, io mem 0x30120000
[    2.795333] usb usb7: New USB device found, idVendor=1d6b, idProduct=0001
[    2.795358] usb usb7: New USB device strings: Mfr=3, Product=2, SerialNumber=1
[    2.795373] usb usb7: Product: Generic Platform OHCI controller
[    2.795388] usb usb7: Manufacturer: Linux 4.4.194-rk322x ohci_hcd
[    2.795402] usb usb7: SerialNumber: 30120000.usb
[    2.796519] hub 7-0:1.0: USB hub found
[    2.796600] hub 7-0:1.0: 1 port detected
[    2.797618] usbcore: registered new interface driver cdc_acm
[    2.797638] cdc_acm: USB Abstract Control Model driver for USB modems and ISDN adapters
[    2.797755] usbcore: registered new interface driver cdc_wdm
[    2.798059] usbcore: registered new interface driver usb-storage
[    2.798256] usbcore: registered new interface driver usbserial
[    2.798342] usbcore: registered new interface driver usbserial_generic
[    2.798422] usbserial: USB Serial support registered for generic
[    2.798538] usbcore: registered new interface driver keyspan
[    2.798602] usbserial: USB Serial support registered for Keyspan - (without firmware)
[    2.798662] usbserial: USB Serial support registered for Keyspan 1 port adapter
[    2.798721] usbserial: USB Serial support registered for Keyspan 2 port adapter
[    2.798780] usbserial: USB Serial support registered for Keyspan 4 port adapter
[    2.798895] usbcore: registered new interface driver option
[    2.798956] usbserial: USB Serial support registered for GSM modem (1-port)
[    2.799761] usbcore: registered new interface driver oti6858
[    2.799841] usbserial: USB Serial support registered for oti6858
[    2.799952] usbcore: registered new interface driver qcserial
[    2.800035] usbserial: USB Serial support registered for Qualcomm USB modem
[    2.800203] usbcore: registered new interface driver sierra
[    2.800267] usbserial: USB Serial support registered for Sierra USB modem
[    2.801986] usbcore: registered new interface driver iforce
[    2.802165] usbcore: registered new interface driver xpad
[    2.802484] usbcore: registered new interface driver usbtouchscreen
[    2.803885] i2c /dev entries driver
[    2.805928] IR NEC protocol handler initialized
[    2.805958] IR RC5(x/sz) protocol handler initialized
[    2.805977] IR RC6 protocol handler initialized
[    2.805994] IR JVC protocol handler initialized
[    2.806011] IR Sony protocol handler initialized
[    2.806028] IR SANYO protocol handler initialized
[    2.806046] IR Sharp protocol handler initialized
[    2.806064] IR MCE Keyboard/mouse protocol handler initialized
[    2.806081] IR XMP protocol handler initialized
[    2.807982] usbcore: registered new interface driver uvcvideo
[    2.808005] USB Video Class driver (1.1.1)
[    2.810086] Boot mode: normal
[    2.811520] rockchip-thermal 11150000.tsadc: tsadc is probed successfully!
[    2.813410] device-mapper: ioctl: 4.34.0-ioctl (2015-10-28) initialised: dm-devel@redhat.com
[    2.813827] Bluetooth: Virtual HCI driver ver 1.5
[    2.814156] Bluetooth: HCI UART driver ver 2.3
[    2.814177] Bluetooth: HCI UART protocol H4 registered
[    2.814188] Bluetooth: HCI UART protocol LL registered
[    2.814199] Bluetooth: HCI UART protocol ATH3K registered
[    2.814211] Bluetooth: HCI UART protocol Three-wire (H5) registered
[    2.814404] Bluetooth: HCI UART protocol BCM registered
[    2.814575] usbcore: registered new interface driver bfusb
[    2.814728] usbcore: registered new interface driver btusb
[    2.814754] Bluetooth: Generic Bluetooth SDIO driver ver 0.1
[    2.815543] cpu cpu0: leakage=4
[    2.815581] cpu cpu0: leakage-volt-sel=0
[    2.815806] cpu cpu0: Failed to get pvtm
[    2.817356] cpu cpu0: avs=0
[    2.817446] cpu cpu0: l=-2147483648 h=2147483647 hyst=0 l_limit=0 h_limit=0
[    2.817473] cpu cpu0: failed to read out thermal zone (-22)
[    2.818226] cpu cpu0: failed to find power_model node
[    2.819177] pwrseq_simple sdio-pwrseq: GPIO lookup for consumer reset
[    2.819201] pwrseq_simple sdio-pwrseq: using device tree for GPIO lookup
[    2.819228] of_get_named_gpiod_flags: parsed 'reset-gpios' property of node '/sdio-pwrseq[0]' - status (0)
[    2.819668] Synopsys Designware Multimedia Card Interface Driver
[    2.820376] dwmmc_rockchip 30000000.dwmmc: IDMAC supports 32-bit address mode.
[    2.820537] dwmmc_rockchip 30000000.dwmmc: Using internal DMA controller.
[    2.820559] dwmmc_rockchip 30000000.dwmmc: Version ID is 270a
[    2.820637] dwmmc_rockchip 30000000.dwmmc: DW MMC controller at irq 45,32 bit host data width,256 deep fifo
[    2.820724] dwmmc_rockchip 30000000.dwmmc: No vmmc regulator found
[    2.820736] dwmmc_rockchip 30000000.dwmmc: No vqmmc regulator found
[    2.820760] dwmmc_rockchip 30000000.dwmmc: GPIO lookup for consumer cd
[    2.820770] dwmmc_rockchip 30000000.dwmmc: using device tree for GPIO lookup
[    2.820805] of_get_named_gpiod_flags: parsed 'cd-gpios' property of node '/dwmmc@30000000[0]' - status (0)
[    2.820851] gpio-49 (cd): gpiod_set_debounce: missing set() or set_debounce() operations
[    2.820864] dwmmc_rockchip 30000000.dwmmc: Got CD GPIO
[    2.820875] dwmmc_rockchip 30000000.dwmmc: GPIO lookup for consumer wp
[    2.820885] dwmmc_rockchip 30000000.dwmmc: using device tree for GPIO lookup
[    2.820895] of_get_named_gpiod_flags: can't parse 'wp-gpios' property of node '/dwmmc@30000000[0]'
[    2.820906] of_get_named_gpiod_flags: can't parse 'wp-gpio' property of node '/dwmmc@30000000[0]'
[    2.820915] dwmmc_rockchip 30000000.dwmmc: using lookup tables for GPIO lookup
[    2.820926] dwmmc_rockchip 30000000.dwmmc: lookup for GPIO wp failed
[    2.833749] mmc_host mmc0: Bus speed (slot 0) = 400000Hz (slot req 400000Hz, actual 400000HZ div = 0)
[    2.846722] dwmmc_rockchip 30000000.dwmmc: 1 slots initialized
[    2.847243] dwmmc_rockchip 30010000.dwmmc: num-slots property not found, assuming 1 slot is available
[    2.847344] dwmmc_rockchip 30010000.dwmmc: IDMAC supports 32-bit address mode.
[    2.847464] dwmmc_rockchip 30010000.dwmmc: Using internal DMA controller.
[    2.847484] dwmmc_rockchip 30010000.dwmmc: Version ID is 270a
[    2.847550] dwmmc_rockchip 30010000.dwmmc: DW MMC controller at irq 46,32 bit host data width,256 deep fifo
[    2.847612] dwmmc_rockchip 30010000.dwmmc: No vmmc regulator found
[    2.847623] dwmmc_rockchip 30010000.dwmmc: No vqmmc regulator found
[    2.847644] dwmmc_rockchip 30010000.dwmmc: GPIO lookup for consumer wp
[    2.847654] dwmmc_rockchip 30010000.dwmmc: using device tree for GPIO lookup
[    2.847668] of_get_named_gpiod_flags: can't parse 'wp-gpios' property of node '/dwmmc@30010000[0]'
[    2.847679] of_get_named_gpiod_flags: can't parse 'wp-gpio' property of node '/dwmmc@30010000[0]'
[    2.847688] dwmmc_rockchip 30010000.dwmmc: using lookup tables for GPIO lookup
[    2.847699] dwmmc_rockchip 30010000.dwmmc: lookup for GPIO wp failed
[    2.847787] dwmmc_rockchip 30010000.dwmmc: allocated mmc-pwrseq
[    2.859341] mmc_host mmc1: Bus speed (slot 0) = 976562Hz (slot req 400000Hz, actual 244140HZ div = 2)
[    2.872017] dwmmc_rockchip 30010000.dwmmc: 1 slots initialized
[    2.872330] dwmmc_rockchip 30020000.dwmmc: IDMAC supports 32-bit address mode.
[    2.872462] dwmmc_rockchip 30020000.dwmmc: Using internal DMA controller.
[    2.872483] dwmmc_rockchip 30020000.dwmmc: Version ID is 270a
[    2.872567] dwmmc_rockchip 30020000.dwmmc: DW MMC controller at irq 47,32 bit host data width,256 deep fifo
[    2.872624] dwmmc_rockchip 30020000.dwmmc: No vmmc regulator found
[    2.872635] dwmmc_rockchip 30020000.dwmmc: No vqmmc regulator found
[    2.872654] dwmmc_rockchip 30020000.dwmmc: GPIO lookup for consumer wp
[    2.872665] dwmmc_rockchip 30020000.dwmmc: using device tree for GPIO lookup
[    2.872676] of_get_named_gpiod_flags: can't parse 'wp-gpios' property of node '/dwmmc@30020000[0]'
[    2.872688] of_get_named_gpiod_flags: can't parse 'wp-gpio' property of node '/dwmmc@30020000[0]'
[    2.872697] dwmmc_rockchip 30020000.dwmmc: using lookup tables for GPIO lookup
[    2.872708] dwmmc_rockchip 30020000.dwmmc: lookup for GPIO wp failed
[    2.885563] mmc_host mmc2: Bus speed (slot 0) = 2343750Hz (slot req 400000Hz, actual 390625HZ div = 3)
[    2.896008] mmc_host mmc1: Bus speed (slot 0) = 50000000Hz (slot req 50000000Hz, actual 50000000HZ div = 0)
[    2.899150] dwmmc_rockchip 30020000.dwmmc: 1 slots initialized
[    2.902256] of_get_named_gpiod_flags: parsed 'gpios' property of node '/gpio-leds/working[0]' - status (0)
[    2.904244] mmc1: new high speed SDIO card at address 0001
[    2.906212] ledtrig-cpu: registered to indicate activity on CPUs
[    2.906483] hidraw: raw HID events driver (C) Jiri Kosina
[    2.907662] usbcore: registered new interface driver usbhid
[    2.907694] usbhid: USB HID core driver
[    2.908836] ashmem: initialized
[    2.914116] rknandbase v1.2 2018-05-08
[    2.914959] rknand 30030000.nandc: rknand_probe clk rate = 150000000
[    2.915689] ftl_init fffffffe
[    2.915718] rk_ftl_init fail
[    2.918096] usbcore: registered new interface driver snd-usb-audio
[    2.918371] usbcore: registered new interface driver snd-ua101
[    2.918629] usbcore: registered new interface driver snd-usb-caiaq
[    2.918904] usbcore: registered new interface driver snd-usb-6fire
[    2.919282] usbcore: registered new interface driver snd-usb-hiface
[    2.919524] usbcore: registered new interface driver snd-bcd2000
[    2.919733] usbcore: registered new interface driver snd_usb_pod
[    2.919932] usbcore: registered new interface driver snd_usb_podhd
[    2.920131] usbcore: registered new interface driver snd_usb_toneport
[    2.920329] usbcore: registered new interface driver snd_usb_variax
[    2.930714] mmc_host mmc2: Bus speed (slot 0) = 50000000Hz (slot req 52000000Hz, actual 50000000HZ div = 0)
[    2.932241] u32 classifier
[    2.932279]     input device check on
[    2.932296]     Actions configured
[    2.932407] Netfilter messages via NETLINK v0.30.
[    2.932529] mmc2: new high speed MMC card at address 0001
[    2.933671] nfnl_acct: registering with nfnetlink.
[    2.933919] nf_conntrack version 0.5.0 (15384 buckets, 61536 max)
[    2.934612] mmcblk2: mmc2:0001 Q2J95T 7.28 GiB
[    2.935944] Initializing XFRM netlink socket
[    2.936007] mmcblk2boot0: mmc2:0001 Q2J95T partition 1 4.00 MiB
[    2.936630] mmcblk2boot1: mmc2:0001 Q2J95T partition 2 4.00 MiB
[    2.937211] mmcblk2rpmb: mmc2:0001 Q2J95T partition 3 4.00 MiB
[    2.937248] NET: Registered protocol family 10
[    2.939244]  mmcblk2: p1
[    2.939316] ip6_tables: (C) 2000-2006 Netfilter Core Team
[    2.939959] sit: IPv6 over IPv4 tunneling driver
[    2.941249] NET: Registered protocol family 17
[    2.941317] NET: Registered protocol family 15
[    2.941416] bridge: automatic filtering via arp/ip/ip6tables has been deprecated. Update your scripts to load br_netfilter if you need this.
[    2.941467] Bridge firewalling registered
[    2.941482] can: controller area network core (rev 20120528 abi 9)
[    2.941589] NET: Registered protocol family 29
[    2.941615] can: raw protocol (rev 20120528)
[    2.941633] can: broadcast manager protocol (rev 20120528 t)
[    2.941656] can: netlink gateway (rev 20130117) max_hops=1
[    2.942430] Bluetooth: RFCOMM TTY layer initialized
[    2.942489] Bluetooth: RFCOMM socket layer initialized
[    2.942550] Bluetooth: RFCOMM ver 1.11
[    2.942590] Bluetooth: HIDP (Human Interface Emulation) ver 1.2
[    2.942612] Bluetooth: HIDP socket layer initialized
[    2.942819] 8021q: 802.1Q VLAN Support v1.8
[    2.942885] lib80211: common routines for IEEE802.11 drivers
[    2.942898] lib80211_crypt: registered algorithm 'NULL'
[    2.942917] lib80211_crypt: registered algorithm 'WEP'
[    2.942935] lib80211_crypt: registered algorithm 'CCMP'
[    2.942952] lib80211_crypt: registered algorithm 'TKIP'
[    2.942968] [WLAN_RFKILL]: Enter rfkill_wlan_init
[    2.943446] [BT_RFKILL]: Enter rfkill_rk_init
[    2.943728] Key type dns_resolver registered
[    2.944286] Error: Driver 'sc031gs' is already registered, aborting...
[    2.945154] Registering SWP/SWPB emulation handler
[    2.946605] registered taskstats version 1
[    2.946643] Loading compiled-in X.509 certificates
[    2.947168] flash vendor_init_thread!
[    2.947191] flash vendor storage:20170308 ret = -1
[    2.948412] vendor storage:20190527 ret = 0
[    2.950023] Btrfs loaded
[    2.951385] rga2: Driver loaded successfully ver:4.01
[    2.951677] rga2: Module initialized.
[    2.951723] pvtm list NULL
[    2.952948] rk-vcodec 20030000.rkvdec: leakage=4
[    2.952985] rk-vcodec 20030000.rkvdec: leakage-volt-sel=0
[    2.953103] rk-vcodec 20030000.rkvdec: Failed to get pvtm
[    2.953552] rk-vcodec 20030000.rkvdec: avs=0
[    2.953870] rk-vcodec 20030000.rkvdec: probe device
[    2.954387] rk-vcodec 20030000.rkvdec: drm allocator with mmu enabled
[    2.955917] rk-vcodec 20030000.rkvdec: init success
[    2.957013] of_get_named_gpiod_flags: can't parse 'simple-audio-card,hp-det-gpio' property of node '/hdmi-sound[0]'
[    2.957037] of_get_named_gpiod_flags: can't parse 'simple-audio-card,mic-det-gpio' property of node '/hdmi-sound[0]'
[    2.958095] asoc-simple-card hdmi-sound: i2s-hifi <-> 100c0000.i2s0 mapping ok
[    2.960190] of_get_named_gpiod_flags: can't parse 'simple-audio-card,hp-det-gpio' property of node '/spdif-sound[0]'
[    2.960220] of_get_named_gpiod_flags: can't parse 'simple-audio-card,mic-det-gpio' property of node '/spdif-sound[0]'
[    2.961249] asoc-simple-card spdif-sound: dit-hifi <-> 100d0000.spdif mapping ok
[    2.963756] hctosys: unable to open rtc device (rtc0)
[    2.978317] ALSA device list:
[    2.978357]   #0: DW-I2S-HDMI
[    2.978366]   #1: SPDIF
[    2.979606] Freeing unused kernel memory: 808K
[    2.979624] This architecture does not have kernel memory protection.
[    4.352194] EXT4-fs (mmcblk2p1): mounted filesystem with writeback data mode. Opts: (null)
[    4.820577] systemd[1]: System time before build time, advancing clock.
[    4.841100] systemd[1]: Inserted module 'autofs4'
[    4.846913] ip_tables: (C) 2000-2006 Netfilter Core Team
[    4.854534] cgroup: cgroup2: unknown option "nsdelegate,memory_recursiveprot"
[    4.856155] cgroup: cgroup2: unknown option "nsdelegate"
[    4.867442] systemd[1]: systemd 247.3-6 running in system mode. (+PAM +AUDIT +SELINUX +IMA +APPARMOR +SMACK +SYSVINIT +UTMP +LIBCRYPTSETUP +GCRYPT +GNUTLS +ACL +XZ +LZ4 +ZSTD +SECCOMP +BLKID +ELFUTILS +KMOD +IDN2 -IDN +PCRE2 default-hierarchy=unified)
[    4.869261] systemd[1]: Detected architecture arm.
[    4.876478] systemd[1]: Set hostname to <rk322x-box>.
[    5.114153] ttyS2 - failed to request DMA, use interrupt mode
[    5.774074] systemd[1]: Queued start job for default target Graphical Interface.
[    5.776238] random: systemd: uninitialized urandom read (16 bytes read, 88 bits of entropy available)
[    5.776654] systemd[1]: system-getty.slice: unit configures an IP firewall, but the local system does not support BPF/cgroup firewalling.
[    5.776691] systemd[1]: (This warning is only shown for the first unit using IP firewalling.)
[    5.780321] systemd[1]: Created slice system-getty.slice.
[    5.781485] random: systemd: uninitialized urandom read (16 bytes read, 88 bits of entropy available)
[    5.783225] systemd[1]: Created slice system-modprobe.slice.
[    5.784122] random: systemd: uninitialized urandom read (16 bytes read, 88 bits of entropy available)
[    5.785729] systemd[1]: Created slice system-serial\x2dgetty.slice.
[    5.786619] random: systemd: uninitialized urandom read (16 bytes read, 88 bits of entropy available)
[    5.788050] systemd[1]: Created slice User and Session Slice.
[    5.788950] systemd[1]: Condition check resulted in Dispatch Password Requests to Console Directory Watch when bootsplash is active being skipped.
[    5.789146] random: systemd: uninitialized urandom read (16 bytes read, 88 bits of entropy available)
[    5.789603] systemd[1]: Started Forward Password Requests to Wall Directory Watch.
[    5.791392] random: systemd: uninitialized urandom read (16 bytes read, 88 bits of entropy available)
[    5.792405] systemd[1]: Set up automount Arbitrary Executable File Formats File System Automount Point.
[    5.793610] random: systemd: uninitialized urandom read (16 bytes read, 88 bits of entropy available)
[    5.793747] systemd[1]: Reached target Local Encrypted Volumes.
[    5.795001] random: systemd: uninitialized urandom read (16 bytes read, 88 bits of entropy available)
[    5.795270] systemd[1]: Reached target Paths.
[    5.796067] random: systemd: uninitialized urandom read (16 bytes read, 88 bits of entropy available)
[    5.796182] systemd[1]: Reached target Remote File Systems.
[    5.796881] random: systemd: uninitialized urandom read (16 bytes read, 88 bits of entropy available)
[    5.796987] systemd[1]: Reached target Slices.
[    5.797786] systemd[1]: Reached target Swap.
[    5.798586] systemd[1]: Reached target System Time Set.
[    5.805229] systemd[1]: Listening on Syslog Socket.
[    5.807179] systemd[1]: Listening on fsck to fsckd communication Socket.
[    5.808637] systemd[1]: Listening on initctl Compatibility Named Pipe.
[    5.822087] systemd[1]: Condition check resulted in Journal Audit Socket being skipped.
[    5.823698] systemd[1]: Listening on Journal Socket (/dev/log).
[    5.825666] systemd[1]: Listening on Journal Socket.
[    5.828801] systemd[1]: Listening on udev Control Socket.
[    5.830516] systemd[1]: Listening on udev Kernel Socket.
[    5.832377] systemd[1]: Condition check resulted in Huge Pages File System being skipped.
[    5.837830] systemd[1]: Mounting POSIX Message Queue File System...
[    5.845895] systemd[1]: Mounting Kernel Debug File System...
[    5.855614] systemd[1]: Mounting Kernel Trace File System...
[    5.867820] systemd[1]: Starting Restore / save the current clock...
[    5.877543] systemd[1]: Starting Set the console keyboard layout...
[    5.887707] systemd[1]: Starting Create list of static device nodes for the current kernel...
[    5.900078] systemd[1]: Starting Load Kernel Module configfs...
[    5.912562] systemd[1]: Starting Load Kernel Module drm...
[    5.928070] systemd[1]: Starting Load Kernel Module fuse...
[    5.937890] systemd[1]: Started Nameserver information manager.
[    5.958631] systemd[1]: Reached target Network (Pre).
[    5.961055] fuse init (API version 7.23)
[    5.965826] systemd[1]: Condition check resulted in Set Up Additional Binary Formats being skipped.
[    5.966445] systemd[1]: Condition check resulted in File System Check on Root Device being skipped.
[    5.979702] systemd[1]: Starting Load Kernel Modules...
[    5.992787] systemd[1]: Starting Remount Root and Kernel File Systems...
[    6.006778] systemd[1]: Starting Coldplug All udev Devices...
[    6.041425] systemd[1]: Mounted POSIX Message Queue File System.
[    6.048550] systemd[1]: Mounted Kernel Debug File System.
[    6.055687] systemd[1]: Mounted Kernel Trace File System.
[    6.063502] systemd[1]: Finished Restore / save the current clock.
[    6.070885] systemd[1]: Finished Create list of static device nodes for the current kernel.
[    6.075881] EXT4-fs (mmcblk2p1): re-mounted. Opts: commit=600,errors=remount-ro
[    6.083581] systemd[1]: modprobe@configfs.service: Succeeded.
[    6.084778] systemd[1]: Finished Load Kernel Module configfs.
[    6.091006] systemd[1]: modprobe@drm.service: Succeeded.
[    6.092149] systemd[1]: Finished Load Kernel Module drm.
[    6.098105] systemd[1]: modprobe@fuse.service: Succeeded.
[    6.099810] systemd[1]: Finished Load Kernel Module fuse.
[    6.107786] systemd[1]: Finished Load Kernel Modules.
[    6.113634] systemd[1]: Finished Remount Root and Kernel File Systems.
[    6.125641] systemd[1]: Mounting FUSE Control File System...
[    6.137811] systemd[1]: Mounting Kernel Configuration File System...
[    6.148283] systemd[1]: Condition check resulted in Rebuild Hardware Database being skipped.
[    6.149041] systemd[1]: Condition check resulted in Platform Persistent Storage Archival being skipped.
[    6.155957] systemd[1]: Starting Load/Save Random Seed...
[    6.168230] systemd[1]: Starting Apply Kernel Variables...
[    6.180657] systemd[1]: Starting Create System Users...
[    6.199463] systemd[1]: Mounted FUSE Control File System.
[    6.216276] systemd[1]: Mounted Kernel Configuration File System.
[    6.269839] systemd[1]: Finished Apply Kernel Variables.
[    6.276774] systemd[1]: Finished Create System Users.
[    6.287876] systemd[1]: Starting Create Static Device Nodes in /dev...
[    6.361311] systemd[1]: Finished Create Static Device Nodes in /dev.
[    6.371794] systemd[1]: Starting Rule-based Manager for Device Events and Files...
[    6.378535] systemd[1]: Finished Set the console keyboard layout.
[    6.383956] systemd[1]: Reached target Local File Systems (Pre).
[    6.395446] systemd[1]: Mounting /tmp...
[    6.416453] systemd[1]: Mounted /tmp.
[    6.421800] systemd[1]: Reached target Local File Systems.
[    6.432554] systemd[1]: Starting Armbian ZRAM config...
[    6.445462] systemd[1]: Starting Set console font and keymap...
[    6.498250] systemd[1]: Finished Set console font and keymap.
[    6.596693] systemd[1]: Started Rule-based Manager for Device Events and Files.
[    6.752146] systemd[1]: Finished Coldplug All udev Devices.
[    6.780885] systemd[1]: Starting Helper to synchronize boot up for ifupdown...
[    6.839104] systemd[1]: Finished Helper to synchronize boot up for ifupdown.
[    6.854652] systemd[1]: Starting Raise network interfaces...
[    6.885740] zram: Added device: zram0
[    6.889184] zram: Added device: zram1
[    6.891698] zram: Added device: zram2
[    7.112891] rk3228-codec 12010000.codec: GPIO lookup for consumer spk-en
[    7.112940] rk3228-codec 12010000.codec: using device tree for GPIO lookup
[    7.112960] of_get_named_gpiod_flags: can't parse 'spk-en-gpios' property of node '/codec@12010000[0]'
[    7.113012] of_get_named_gpiod_flags: parsed 'spk-en-gpio' property of node '/codec@12010000[0]' - status (0)
[    7.113121] rk3228-codec 12010000.codec: spk_depop_time use default value.
[    7.114649] of_get_named_gpiod_flags: can't parse 'simple-audio-card,hp-det-gpio' property of node '/sound[0]'
[    7.114705] of_get_named_gpiod_flags: can't parse 'simple-audio-card,mic-det-gpio' property of node '/sound[0]'
[    7.124524] I : [File] : drivers/gpu/arm/mali400/mali/linux/mali_kernel_linux.c; [Line] : 417; [Func] : mali_module_init(); svn_rev_string_from_arm of this mali_ko is '', rk_ko_ver is '5', built at '20:09:06', on 'Aug 25 2021'.
[    7.124914] mali-utgard 20001000.gpu: mali_platform_device->num_resources = 13
[    7.124947] mali-utgard 20001000.gpu: resource[0].start = 0x0x20001000
[    7.124976] mali-utgard 20001000.gpu: resource[1].start = 0x0x20000000
[    7.124995] mali-utgard 20001000.gpu: resource[2].start = 0x0x20003000
[    7.125007] mali-utgard 20001000.gpu: resource[3].start = 0x0x20008000
[    7.125018] mali-utgard 20001000.gpu: resource[4].start = 0x0x20004000
[    7.125029] mali-utgard 20001000.gpu: resource[5].start = 0x0x2000a000
[    7.125039] mali-utgard 20001000.gpu: resource[6].start = 0x0x20005000
[    7.125050] mali-utgard 20001000.gpu: resource[7].start = 0x0x00000020
[    7.125060] mali-utgard 20001000.gpu: resource[8].start = 0x0x00000021
[    7.125070] mali-utgard 20001000.gpu: resource[9].start = 0x0x00000022
[    7.125080] mali-utgard 20001000.gpu: resource[10].start = 0x0x00000021
[    7.125091] mali-utgard 20001000.gpu: resource[11].start = 0x0x00000022
[    7.125102] mali-utgard 20001000.gpu: resource[12].start = 0x0x00000021
[    7.125115] D : [File] : drivers/gpu/arm/mali400/mali/platform/rk/rk.c; [Line] : 623; [Func] : mali_platform_device_init(); to add platform_specific_data to platform_device_of_mali.
[    7.125538] mali-utgard 20001000.gpu: leakage=4
[    7.125578] mali-utgard 20001000.gpu: leakage-volt-sel=0
[    7.125719] mali-utgard 20001000.gpu: Failed to get pvtm
[    7.126341] mali-utgard 20001000.gpu: avs=0
[    7.126831] mali-utgard 20001000.gpu: l=-2147483648 h=2147483647 hyst=0 l_limit=0 h_limit=0
[    7.146207] asoc-simple-card sound: rk3228-hifi <-> 100b0000.i2s1 mapping ok
[    7.146294] Mali: Mali device driver loaded
[    7.149135] systemd[1]: Found device /dev/ttyS2.
[    7.230107] devfreq 20001000.gpu: Couldn't update frequency transition information.
[    7.296381] zram0: detected capacity change from 0 to 504537088
[    7.312396] =======================================================
[    7.312432] ==== Launching Wi-Fi driver! (Powered by Rockchip) ====
[    7.312441] =======================================================
[    7.312450]  WiFi driver (Powered by Rockchip,Ver 5.10.WFD.OOB.64bit) init.
[    7.318428] dhd_module_init in
[    7.318653] [WLAN_RFKILL]: rockchip_wifi_get_oob_irq: Enter
[    7.318671] [WLAN_RFKILL]: rockchip_wifi_get_oob_irq: rfkill-wlan driver has not Successful initialized
[    7.318685] dhd_wlan_init_plat_data, irq = -1
[    7.318699] dhd_wlan_init_plat_data: unknown oob irqflags !
[    7.318783] Power-up adapter 'DHD generic adapter'
[    7.323444] wifi_platform_set_power = 1
[    7.323508] [WLAN_RFKILL]: rockchip_wifi_power: 1
[    7.323530] [WLAN_RFKILL]: rockchip_wifi_power: rfkill-wlan driver has not Successful initialized
[    7.323543] wifi_platform_set_power = 0
[    7.323553] [WLAN_RFKILL]: rockchip_wifi_power: 0
[    7.323587] [WLAN_RFKILL]: rockchip_wifi_power: rfkill-wlan driver has not Successful initialized
[    7.323614] Error: Driver 'dummy_sdmmc' is already registered, aborting...
[    7.323626] dhd_wifi_platform_load_sdio dhd_bus_reg_sdio_notify fail(-16)

[    7.324190] unregister wifi platform drivers
[    7.324266] dhd_module_init: Failed to load the driver, try cnt 3
[    7.324886] [WLAN_RFKILL]: rockchip_wifi_get_oob_irq: Enter
[    7.324928] [WLAN_RFKILL]: rockchip_wifi_get_oob_irq: rfkill-wlan driver has not Successful initialized
[    7.324941] dhd_wlan_init_plat_data, irq = -1
[    7.324954] dhd_wlan_init_plat_data: unknown oob irqflags !
[    7.325045] Power-up adapter 'DHD generic adapter'
[    7.325070] Error: Driver 'dummy_sdmmc' is already registered, aborting...
[    7.325091] dhd_wifi_platform_load_sdio dhd_bus_reg_sdio_notify fail(-16)

[    7.325313] unregister wifi platform drivers
[    7.325363] dhd_module_init: Failed to load the driver, try cnt 2
[    7.325555] [WLAN_RFKILL]: rockchip_wifi_get_oob_irq: Enter
[    7.325591] [WLAN_RFKILL]: rockchip_wifi_get_oob_irq: rfkill-wlan driver has not Successful initialized
[    7.325635] dhd_wlan_init_plat_data, irq = -1
[    7.325652] dhd_wlan_init_plat_data: unknown oob irqflags !
[    7.325747] Power-up adapter 'DHD generic adapter'
[    7.325788] Error: Driver 'dummy_sdmmc' is already registered, aborting...
[    7.325818] dhd_wifi_platform_load_sdio dhd_bus_reg_sdio_notify fail(-16)

[    7.326055] unregister wifi platform drivers
[    7.326077] dhd_module_init: Failed to load the driver, try cnt 1
[    7.326265] [WLAN_RFKILL]: rockchip_wifi_get_oob_irq: Enter
[    7.326309] [WLAN_RFKILL]: rockchip_wifi_get_oob_irq: rfkill-wlan driver has not Successful initialized
[    7.326323] dhd_wlan_init_plat_data, irq = -1
[    7.326337] dhd_wlan_init_plat_data: unknown oob irqflags !
[    7.326411] Power-up adapter 'DHD generic adapter'
[    7.326436] Error: Driver 'dummy_sdmmc' is already registered, aborting...
[    7.326448] dhd_wifi_platform_load_sdio dhd_bus_reg_sdio_notify fail(-16)

[    7.326667] unregister wifi platform drivers
[    7.326723] dhd_module_init: Failed to load the driver, try cnt 0
[    7.326757] dhd_module_init: Failed to load driver max retry reached**
[    7.326768] dhd_module_init out
[    7.390010] random: nonblocking pool is initialized
[    7.434812] systemd[1]: Finished Load/Save Random Seed.
[    7.446139] systemd[1]: Condition check resulted in First Boot Complete being skipped.
[    7.446452] systemd[1]: Condition check resulted in Store a System Token in an EFI Variable being skipped.
[    7.446777] systemd[1]: Condition check resulted in Commit a transient machine-id on disk being skipped.
[    7.539534] gpio_ir_recv ir-receiver: GPIO lookup for consumer (null)
[    7.539585] gpio_ir_recv ir-receiver: using device tree for GPIO lookup
[    7.539658] of_get_named_gpiod_flags: parsed 'gpios' property of node '/ir-receiver[0]' - status (0)
[    7.539840] Registered IR keymap rc-rktvbox
[    7.540235] rc rc1: gpio_ir_recv as /devices/platform/ir-receiver/rc/rc1
[    7.540921] input: gpio_ir_recv as /devices/platform/ir-receiver/rc/rc1/input1
[    7.580435] Adding 492708k swap on /dev/zram0.  Priority:5 extents:1 across:492708k SS
[    8.001670] systemd[1]: Finished Raise network interfaces.
[    8.103586] cfg80211: World regulatory domain updated:
[    8.103606] cfg80211:  DFS Master region: unset
[    8.103607] cfg80211:   (start_freq - end_freq @ bandwidth), (max_antenna_gain, max_eirp), (dfs_cac_time)
[    8.103623] cfg80211:   (2402000 KHz - 2472000 KHz @ 40000 KHz), (N/A, 2000 mBm), (N/A)
[    8.103631] cfg80211:   (2457000 KHz - 2482000 KHz @ 20000 KHz, 92000 KHz AUTO), (N/A, 2000 mBm), (N/A)
[    8.103635] cfg80211:   (2474000 KHz - 2494000 KHz @ 20000 KHz), (N/A, 2000 mBm), (N/A)
[    8.103641] cfg80211:   (5170000 KHz - 5250000 KHz @ 80000 KHz, 160000 KHz AUTO), (N/A, 2000 mBm), (N/A)
[    8.103646] cfg80211:   (5250000 KHz - 5330000 KHz @ 80000 KHz, 160000 KHz AUTO), (N/A, 2000 mBm), (0 s)
[    8.103651] cfg80211:   (5490000 KHz - 5730000 KHz @ 160000 KHz), (N/A, 2000 mBm), (0 s)
[    8.103658] cfg80211:   (5735000 KHz - 5835000 KHz @ 80000 KHz), (N/A, 2000 mBm), (N/A)
[    8.103663] cfg80211:   (57240000 KHz - 63720000 KHz @ 2160000 KHz), (N/A, 0 mBm), (N/A)
[    8.123424] systemd[1]: Reached target Sound Card.
[    8.130389] systemd[1]: Listening on Load/Save RF Kill Switch Status /dev/rfkill Watch.
[    8.229289] zram1: detected capacity change from 0 to 52428800
[    8.299703] systemd[1]: Finished Armbian ZRAM config.
[    8.310889] systemd[1]: Starting Armbian memory supported logging...
[    8.426525] EXT4-fs (zram1): mounted filesystem without journal. Opts: discard
[   12.229217] systemd[1]: Finished Armbian memory supported logging.
[   12.236337] systemd[1]: Starting Journal Service...
[   12.751143] systemd[1]: Started Journal Service.
[   12.809414] systemd-journald[538]: Received client request to flush runtime journal.
[   12.820361] systemd-journald[538]: File /var/log/journal/61405fcfdbd94651a7de5dfc68515509/system.journal corrupted or uncleanly shut down, renaming and replacing.
[   13.770973] proc: unrecognized mount option "hidepid=invisible" or missing value
[   15.080597] nr_pdflush_threads exported in /proc is scheduled for removal
[   15.166149] proc: unrecognized mount option "hidepid=invisible" or missing value
[   15.975003] IPv6: ADDRCONF(NETDEV_UP): eth0: link is not ready
[   33.103561] rk_gmac-dwmac 30200000.ethernet eth0: Link is Up - 100Mbps/Full - flow control rx/tx
